mode: set
tests/internal/services/contracts_service.go:16.121,18.2 1 1
tests/internal/services/contracts_service.go:20.105,22.16 2 1
tests/internal/services/contracts_service.go:22.16,24.3 1 1
tests/internal/services/contracts_service.go:26.2,27.30 2 1
tests/internal/services/contracts_service.go:27.30,36.3 1 1
tests/internal/services/contracts_service.go:37.2,37.17 1 1
tests/internal/services/contracts_service.go:40.116,42.16 2 1
tests/internal/services/contracts_service.go:42.16,44.3 1 1
tests/internal/services/contracts_service.go:46.2,53.8 1 1
tests/internal/services/contracts_service.go:56.135,58.16 2 1
tests/internal/services/contracts_service.go:58.16,60.3 1 1
tests/internal/services/contracts_service.go:63.2,63.61 1 1
tests/internal/services/contracts_service.go:63.61,65.3 1 1
tests/internal/services/contracts_service.go:67.2,75.54 2 1
tests/internal/services/contracts_service.go:75.54,77.3 1 1
tests/internal/services/contracts_service.go:79.2,86.8 1 1
tests/internal/services/contracts_service.go:89.151,91.16 2 1
tests/internal/services/contracts_service.go:91.16,93.3 1 1
tests/internal/services/contracts_service.go:95.2,100.66 5 1
tests/internal/services/contracts_service.go:100.66,102.3 1 1
tests/internal/services/contracts_service.go:104.2,111.8 1 1
tests/internal/services/contracts_service.go:114.72,116.2 1 1
tests/internal/services/organizations_service.go:14.85,16.2 1 1
tests/internal/services/organizations_service.go:18.94,20.16 2 1
tests/internal/services/organizations_service.go:20.16,22.3 1 1
tests/internal/services/organizations_service.go:24.2,25.27 2 1
tests/internal/services/organizations_service.go:25.27,32.3 1 1
tests/internal/services/organizations_service.go:33.2,33.17 1 1
tests/internal/services/organizations_service.go:36.102,38.16 2 1
tests/internal/services/organizations_service.go:38.16,40.3 1 1
tests/internal/services/organizations_service.go:42.2,47.8 1 1
tests/internal/services/organizations_service.go:50.130,56.49 2 1
tests/internal/services/organizations_service.go:56.49,58.3 1 1
tests/internal/services/organizations_service.go:60.2,65.8 1 1
tests/internal/services/organizations_service.go:68.141,70.16 2 1
tests/internal/services/organizations_service.go:70.16,72.3 1 1
tests/internal/services/organizations_service.go:74.2,77.53 3 1
tests/internal/services/organizations_service.go:77.53,79.3 1 1
tests/internal/services/organizations_service.go:81.2,86.8 1 1
tests/internal/services/organizations_service.go:89.76,91.2 1 1
